<html>
<body>
<pre>
<h1>µVision Build Log</h1>
<h2>Tool Versions:</h2>
IDE-Version: µVision V5.27.1.0
Copyright (C) 2019 ARM Ltd and ARM Germany GmbH. All rights reserved.
License Information: Quang Nguyen, DevZone, LIC=9N045-GEB7H-XB9EC-7KRND-6NJ0V-8GA1J
 
Tool Versions:
Toolchain:       MDK-ARM Professional  Version: 5.27.1.0
Toolchain Path:  C:\Keil5_ARM\ARM\ARMCC\Bin
C Compiler:      Armcc.exe V5.06 update 6 (build 750)
Assembler:       Armasm.exe V5.06 update 6 (build 750)
Linker/Locator:  ArmLink.exe V5.06 update 6 (build 750)
Library Manager: ArmAr.exe V5.06 update 6 (build 750)
Hex Converter:   FromElf.exe V5.06 update 6 (build 750)
CPU DLL:         SARMCM3.DLL V5.27.1.0
Dialog DLL:      DCM.DLL V1.17.2.0
Target DLL:      STLink\ST-LINKIII-KEIL_SWO.dll V3.0.6.0
Dialog DLL:      TCM.DLL V1.36.1.0
 
<h2>Project:</h2>
E:\Stm32_Online\STM32Workspace\Project\FLASH_UART\MDK-ARM\FLASH_UART.uvprojx
Project File Date:  03/19/2021

<h2>Output:</h2>
*** Using Compiler 'V5.06 update 6 (build 750)', folder: 'C:\Keil5_ARM\ARM\ARMCC\Bin'
Build target 'FLASH_UART'
compiling main.c...
../Src/main.c(67): warning:  #177-D: variable "u8Var"  was declared but never referenced
  	uint8_t u8Var = 0x02, u8ReadVar = 0;
../Src/main.c(67): warning:  #177-D: variable "u8ReadVar"  was declared but never referenced
  	uint8_t u8Var = 0x02, u8ReadVar = 0;
../Src/main.c(68): warning:  #177-D: variable "u8Arr"  was declared but never referenced
  	uint8_t u8Arr[3] = {0x01, 0x02, 0x03}, u8ArrRead[3]={0};
../Src/main.c(68): warning:  #177-D: variable "u8ArrRead"  was declared but never referenced
  	uint8_t u8Arr[3] = {0x01, 0x02, 0x03}, u8ArrRead[3]={0};
../Src/main.c(69): warning:  #177-D: variable "u16Var"  was declared but never referenced
  	uint16_t u16Var = 0x3456, u16ReadVar = 0;
../Src/main.c(69): warning:  #177-D: variable "u16ReadVar"  was declared but never referenced
  	uint16_t u16Var = 0x3456, u16ReadVar = 0;
../Src/main.c(70): warning:  #177-D: variable "u32Var"  was declared but never referenced
  	uint32_t u32Var = 0x31, u32ReadVar = 0;
../Src/main.c(70): warning:  #177-D: variable "u32ReadVar"  was declared but never referenced
  	uint32_t u32Var = 0x31, u32ReadVar = 0;
../Src/main.c: 8 warnings, 0 errors
linking...
Program Size: Code=5688 RO-data=448 RW-data=36 ZI-data=1140  
"FLASH_UART\FLASH_UART.axf" - 0 Error(s), 8 Warning(s).

<h2>Software Packages used:</h2>

Package Vendor: ARM
                http://www.keil.com/pack/ARM.CMSIS.5.7.0.pack
                ARM.CMSIS.5.7.0
                CMSIS (Cortex Microcontroller Software Interface Standard)
   * Component: CORE Version: 5.4.0

Package Vendor: Keil
                http://www.keil.com/pack/Keil.STM32F4xx_DFP.2.15.0.pack
                Keil.STM32F4xx_DFP.2.15.0
                STMicroelectronics STM32F4 Series Device Support, Drivers and Examples

<h2>Collection of Component include folders:</h2>
  .\RTE\_FLASH_UART
  E:\Pack_ARM\ARM\CMSIS\5.7.0\CMSIS\Core\Include
  E:\Pack_ARM\Keil\STM32F4xx_DFP\2.15.0\Drivers\CMSIS\Device\ST\STM32F4xx\Include

<h2>Collection of Component Files used:</h2>

   * Component: ARM::CMSIS:CORE:5.4.0
Build Time Elapsed:  00:00:01
</pre>
</body>
</html>
